[2025-05-29T09:35:54.151+0000] {taskinstance.py:1956} INFO - Dependencies all met for dep_context=non-requeueable deps ti=<TaskInstance: dummy_s3_dag.list_buckets manual__2025-05-29T09:35:53.520065+00:00 [queued]>
[2025-05-29T09:35:54.166+0000] {taskinstance.py:1956} INFO - Dependencies all met for dep_context=requeueable deps ti=<TaskInstance: dummy_s3_dag.list_buckets manual__2025-05-29T09:35:53.520065+00:00 [queued]>
[2025-05-29T09:35:54.167+0000] {taskinstance.py:2170} INFO - Starting attempt 1 of 1
[2025-05-29T09:35:54.185+0000] {taskinstance.py:2191} INFO - Executing <Task(PythonOperator): list_buckets> on 2025-05-29 09:35:53.520065+00:00
[2025-05-29T09:35:54.190+0000] {standard_task_runner.py:60} INFO - Started process 185 to run task
[2025-05-29T09:35:54.194+0000] {standard_task_runner.py:87} INFO - Running: ['***', 'tasks', 'run', 'dummy_s3_dag', 'list_buckets', 'manual__2025-05-29T09:35:53.520065+00:00', '--job-id', '4', '--raw', '--subdir', 'DAGS_FOLDER/dummy_s3_trigger.py', '--cfg-path', '/tmp/tmpikqan_f0']
[2025-05-29T09:35:54.197+0000] {standard_task_runner.py:88} INFO - Job 4: Subtask list_buckets
[2025-05-29T09:35:54.214+0000] {logging_mixin.py:188} WARNING - /home/***/.local/lib/python3.10/site-packages/***/settings.py:194 DeprecationWarning: The sql_alchemy_conn option in [core] has been moved to the sql_alchemy_conn option in [database] - the old setting has been used, but please update your config.
[2025-05-29T09:35:54.280+0000] {task_command.py:423} INFO - Running <TaskInstance: dummy_s3_dag.list_buckets manual__2025-05-29T09:35:53.520065+00:00 [running]> on host abe7ee32f6dd
[2025-05-29T09:35:54.374+0000] {taskinstance.py:2480} INFO - Exporting env vars: AIRFLOW_CTX_DAG_OWNER='***' AIRFLOW_CTX_DAG_ID='dummy_s3_dag' AIRFLOW_CTX_TASK_ID='list_buckets' AIRFLOW_CTX_EXECUTION_DATE='2025-05-29T09:35:53.520065+00:00' AIRFLOW_CTX_TRY_NUMBER='1' AIRFLOW_CTX_DAG_RUN_ID='manual__2025-05-29T09:35:53.520065+00:00'
[2025-05-29T09:35:54.376+0000] {taskinstance.py:2698} ERROR - Task failed with exception
Traceback (most recent call last):
  File "/home/airflow/.local/lib/python3.10/site-packages/airflow/models/taskinstance.py", line 433, in _execute_task
    result = execute_callable(context=context, **execute_callable_kwargs)
  File "/home/airflow/.local/lib/python3.10/site-packages/airflow/operators/python.py", line 199, in execute
    return_value = self.execute_callable()
  File "/home/airflow/.local/lib/python3.10/site-packages/airflow/operators/python.py", line 216, in execute_callable
    return self.python_callable(*self.op_args, **self.op_kwargs)
  File "/opt/airflow/dags/dummy_s3_trigger.py", line 8, in list_buckets
    return hook.list_buckets()
AttributeError: 'S3Hook' object has no attribute 'list_buckets'
[2025-05-29T09:35:54.394+0000] {taskinstance.py:1138} INFO - Marking task as FAILED. dag_id=dummy_s3_dag, task_id=list_buckets, execution_date=20250529T093553, start_date=20250529T093554, end_date=20250529T093554
[2025-05-29T09:35:54.412+0000] {standard_task_runner.py:107} ERROR - Failed to execute job 4 for task list_buckets ('S3Hook' object has no attribute 'list_buckets'; 185)
[2025-05-29T09:35:54.449+0000] {local_task_job_runner.py:234} INFO - Task exited with return code 1
[2025-05-29T09:35:54.483+0000] {taskinstance.py:3280} INFO - 0 downstream tasks scheduled from follow-on schedule check
